../Uart Driver/Src/uart_driver.c:73:6:UART_ADVANCE_Init	32	static
../Uart Driver/Src/uart_driver.c:128:6:UART_Init	72	static
../Uart Driver/Src/uart_driver.c:177:6:UART_WthPin_Init	80	static
../Uart Driver/Src/uart_driver.c:203:6:UART_GPIO_Init	40	static
../Uart Driver/Src/uart_driver.c:258:16:GET_UART_BUFFER_RX	24	static
../Uart Driver/Src/uart_driver.c:302:16:GET_UART_BUFFER_TX	24	static
../Uart Driver/Src/uart_driver.c:346:6:UART_Config	16	static
../Uart Driver/Src/uart_driver.c:377:10:calc_USARTDIV	32	static
../Uart Driver/Src/uart_driver.c:413:10:UART_BytesToRead	16	static
../Uart Driver/Src/uart_driver.c:418:10:UART_BytesToWrite	16	static
../Uart Driver/Src/uart_driver.c:423:9:UART_Read_Byte	24	static
../Uart Driver/Src/uart_driver.c:435:6:UART_Read_ByteArray	40	static
../Uart Driver/Src/uart_driver.c:457:6:UART_Read_String	160	static
../Uart Driver/Src/uart_driver.c:474:6:UART_Send_Byte	24	static
../Uart Driver/Src/uart_driver.c:491:6:UART_Send_ByteArray	32	static
../Uart Driver/Src/uart_driver.c:501:6:UART_Send_String	24	static
../Uart Driver/Src/uart_driver.c:512:6:UART_Set_StringTimeOut	16	static
../Uart Driver/Src/uart_driver.c:517:6:UART_Set_ByteArray_TimeOut	16	static
../Uart Driver/Src/uart_driver.c:524:6:USART1_IRQHandler	24	static
../Uart Driver/Src/uart_driver.c:566:6:USART2_IRQHandler	24	static
../Uart Driver/Src/uart_driver.c:609:6:USART6_IRQHandler	24	static
